###Error: Syntax error near token 'f' in "y=f(10.0);"
###Error: PROC used in an assigment ('=') statement
