/****************************************************************************/
/* Copyright (c) 2000-2017, 2018 S.Bhatnagar                                */
/*                                                                          */
/* This program is free software; you can redistribute it and/or modify     */
/* it under the terms of the GNU General Public License as published by     */
/* the Free Software Foundation; either version 2 of the License, or        */
/* (at your option) any later version.                                      */
/*                                                                          */
/* This program is distributed in the hope that it will be useful,          */
/* but WITHOUT ANY WARRANTY; without even the implied warranty of           */
/* MERCHANTABILITY or FITNESS FOR A PARTICULAR PURPOSE.  See the            */
/* GNU General Public License for more details.                             */
/*                                                                          */
/* You should have received a copy of the GNU General Public License        */
/* along with this program; if not, write to the Free Software              */
/* Foundation, Inc., 59 Temple Place, Suite 330, Boston, MA  02111-1307 USA */
/****************************************************************************/
Value of x=	   1.00000 +/-    0.10000
Value of y=	   2.00000 +/-    0.20000
Value of x1=	   1.00000 +/-    0.10000
Value of x2=	   1.00000 +/-    0.10000
sin(x)=	   0.84147 +/-    0.05403
sqrt(1-sin(x)^2)=	   0.54030 +/-    0.08415
cos(x)=	   0.54030 +/-    0.08415
tan(x)=	   1.55741 +/-    0.34255
sin(x)/cos(x)=	   1.55741 +/-    0.34255
asin(sin(x))=	   1.00000 +/-    0.10000
acos(cos(x))=	   1.00000 +/-    0.10000
atan(tan(x))=	   1.00000 +/-    0.10000
asinh(sinh(x))=	   1.00000 +/-    0.10000
acosh(cosh(x))=	   1.00000 +/-    0.10000
atanh(tanh(x))=	   1.00000 +/-    0.10000
exp(ln(x))=	   1.00000 +/-    0.10000
sinh(x)=	   1.17520 +/-    0.15431
(exp(x)-exp(-x))/2=	   1.17520 +/-    0.15431
sinh(x)/((exp(x)-exp(-x))/2)=	   1.00000
acosh(cosh(x))=	   1.00000 +/-    0.10000
atanh(tanh(x))=	   1.00000 +/-    0.10000
exp(ln(x))=   1.00000 +/-    0.10000
x/exp(ln(x))=   1.00000
y/(1-y) =       -2.000000 +/-         0.200000
y/(-y+1)=       -2.000000 +/-         0.200000
sin(x1)*sin(x1)=	   0.70807 +/-    0.09093
sin(x1)*sin(x2)=	   0.70807 +/-    0.06430
(sin(x1)^2+cos(x1)^2)=	   1.00000
(sin(x1)^2+cos(x1)^2)/(sin(x2)^2+cos(x2)^2)=	   1.00000
sin(x1)^2+cos(x2)^2=	   1.00000 +/-    0.12859
