/****************************************************************************/
/* Copyright (c) 2000-2017, 2018 S.Bhatnagar                                */
/*                                                                          */
/* This program is free software; you can redistribute it and/or modify     */
/* it under the terms of the GNU General Public License as published by     */
/* the Free Software Foundation; either version 2 of the License, or        */
/* (at your option) any later version.                                      */
/*                                                                          */
/* This program is distributed in the hope that it will be useful,          */
/* but WITHOUT ANY WARRANTY; without even the implied warranty of           */
/* MERCHANTABILITY or FITNESS FOR A PARTICULAR PURPOSE.  See the            */
/* GNU General Public License for more details.                             */
/*                                                                          */
/* You should have received a copy of the GNU General Public License        */
/* along with this program; if not, write to the Free Software              */
/* Foundation, Inc., 59 Temple Place, Suite 330, Boston, MA  02111-1307 USA */
/****************************************************************************/
l(1.00  ,3.00   +/- 1.00  )=   -2.00000 +/-    1.00000    1.00000
l(2.00  ,3.00   +/- 1.00  )=   -0.50000 +/-    1.00000    1.00000
l(3.00  ,3.00   +/- 1.00  )=    1.00000 +/-    1.50000    1.50000
l(4.00  ,3.00   +/- 1.00  )=    1.37500 +/-    0.50000    0.50000
l(5.00  ,3.00   +/- 1.00  )=    0.85000 +/-    0.87500    0.87500
l(6.00  ,3.00   +/- 1.00  )=   -0.01250 +/-    1.72500    1.72500
l(7.00  ,3.00   +/- 1.00  )=   -0.74643 +/-    1.71250    1.71250
l(8.00  ,3.00   +/- 1.00  )=   -1.10871 +/-    0.96607    0.96607
l(9.00  ,3.00   +/- 1.00  )=   -1.06116 +/-    0.14263    0.14263
