/****************************************************************************/
/* Copyright (c) 2000-2017, 2018 S.Bhatnagar                                */
/*                                                                          */
/* This program is free software; you can redistribute it and/or modify     */
/* it under the terms of the GNU General Public License as published by     */
/* the Free Software Foundation; either version 2 of the License, or        */
/* (at your option) any later version.                                      */
/*                                                                          */
/* This program is distributed in the hope that it will be useful,          */
/* but WITHOUT ANY WARRANTY; without even the implied warranty of           */
/* MERCHANTABILITY or FITNESS FOR A PARTICULAR PURPOSE.  See the            */
/* GNU General Public License for more details.                             */
/*                                                                          */
/* You should have received a copy of the GNU General Public License        */
/* along with this program; if not, write to the Free Software              */
/* Foundation, Inc., 59 Temple Place, Suite 330, Boston, MA  02111-1307 USA */
/****************************************************************************/
   2.00000 +/-    1.00000    2.00000 +/-    3.00000
   3.00000 +/-    1.00000    6.00000 +/-   11.00000
   4.00000 +/-    1.00000   24.00000 +/-   50.00000
   5.00000 +/-    1.00000  120.00000 +/-  274.00000
   6.00000 +/-    1.00000  720.00000 +/- 1764.00000
   7.00000 +/-    1.00000 5040.00000 +/- 13068.00000
   8.00000 +/-    1.00000 40320.00000 +/- 109584.00000
   9.00000 +/-    1.00000 362880.00000 +/- 1026576.00000
  10.00000 +/-    1.00000 3628800.00000 +/- 10628640.00000
  11.00000 +/-    1.00000 39916800.00000 +/- 120543840.00000
  12.00000 +/-    1.00000 479001600.00000 +/- 1486442880.00000
  13.00000 +/-    1.00000 6227020800.00000 +/- 19802759040.00000
  14.00000 +/-    1.00000 87178291200.00000 +/- 283465647360.00000
  15.00000 +/-    1.00000 1307674368000.00000 +/- 4339163001600.00000
  16.00000 +/-    1.00000 20922789888000.00000 +/- 70734282393600.00000
  17.00000 +/-    1.00000 355687428096000.00000 +/- 1223405590579200.00000
  18.00000 +/-    1.00000 6402373705728000.00000 +/- 22376988058521600.00000
  19.00000 +/-    1.00000 121645100408832000.00000 +/- 431565146817638400.00000
  20.00000 +/-    1.00000 2432902008176640000.00000 +/- 8752948036761600000.00000
