/****************************************************************************/
/* Copyright (c) 2000-2017, 2018 S.Bhatnagar                                */
/*                                                                          */
/* This program is free software; you can redistribute it and/or modify     */
/* it under the terms of the GNU General Public License as published by     */
/* the Free Software Foundation; either version 2 of the License, or        */
/* (at your option) any later version.                                      */
/*                                                                          */
/* This program is distributed in the hope that it will be useful,          */
/* but WITHOUT ANY WARRANTY; without even the implied warranty of           */
/* MERCHANTABILITY or FITNESS FOR A PARTICULAR PURPOSE.  See the            */
/* GNU General Public License for more details.                             */
/*                                                                          */
/* You should have received a copy of the GNU General Public License        */
/* along with this program; if not, write to the Free Software              */
/* Foundation, Inc., 59 Temple Place, Suite 330, Boston, MA  02111-1307 USA */
/****************************************************************************/
fb(x) = 	   2.00000 +/-    0.20000
Following should have same value and error: 
-------------------------------------------
fd(x) = 	  -0.75680 +/-    0.52291
fd1(x) = 	  -0.75680 +/-    0.52291
sin(fa(x)) = 	  -0.75680 +/-    0.52291
sin(x^2) = 	  -0.75680 +/-    0.52291
fd2(x) = 	  -0.75680 +/-    0.52291
Following should have same value and error: 
-------------------------------------------
x*fd(x) = 	  -1.51360 +/-    1.19719
x*fd1(x) = 	  -1.51360 +/-    1.19719
x*sin(fa(x)) = 	  -1.51360 +/-    1.19719
x*sin(x*x) = 	  -1.51360 +/-    1.19719
Following should have same value as above but different error: 
--------------------------------------------------------------
y*fd1(x) = 	  -1.51360 +/-    1.05673
y*sin(fa(x)) = 	  -1.51360 +/-    1.05673
y*sin(x^2) = 	  -1.51360 +/-    1.05673
x*fd2(x) = 	  -1.51360 +/-    1.05673
Value of f(11) =  330.00000 +/-   11.00000
